// Jest Snapshot v1, https://goo.gl/fbAQLP

exports[`[SearchBar] renders correctly 1`] = `
<View
  accessibilityState={
    {
      "busy": undefined,
      "checked": undefined,
      "disabled": undefined,
      "expanded": undefined,
      "selected": undefined,
    }
  }
  accessibilityValue={
    {
      "max": undefined,
      "min": undefined,
      "now": undefined,
      "text": undefined,
    }
  }
  accessible={true}
  collapsable={false}
  focusable={true}
  onClick={[Function]}
  onResponderGrant={[Function]}
  onResponderMove={[Function]}
  onResponderRelease={[Function]}
  onResponderTerminate={[Function]}
  onResponderTerminationRequest={[Function]}
  onStartShouldSetResponder={[Function]}
  style={
    {
      "borderRadius": 18.375,
      "flexDirection": "row",
      "height": 73.5,
      "opacity": 1,
    }
  }
>
  <View
    collapsable={false}
    style={
      {
        "alignItems": "center",
        "alignSelf": "center",
        "flexDirection": "column",
        "left": 5,
        "position": "absolute",
        "tintColor": "#000000",
      }
    }
  >
    <Image
      resizeMode="contain"
      source={
        {
          "uri": "IconSearch",
        }
      }
      style={
        [
          {
            "height": 31.428571428571427,
            "width": 31.428571428571427,
          },
          {
            "tintColor": "#000000",
          },
        ]
      }
    />
  </View>
  <View
    style={
      {
        "flex": 1,
      }
    }
  >
    <TextInput
      autoCapitalize="none"
      autoCorrect={false}
      onBlur={[Function]}
      onChangeText={[Function]}
      onFocus={[Function]}
      placeholder="Please type ..."
      placeholderTextColor="#606885"
      style={
        [
          {
            "color": "#000000",
            "fontFamily": "ProximaNova-Regular",
            "fontSize": 34.285714285714285,
            "height": "100%",
            "paddingLeft": 35,
            "paddingRight": 35,
            "paddingVertical": 0,
          },
          {
            "height": 73.5,
          },
          undefined,
        ]
      }
      underlineColorAndroid="transparent"
      value=""
    />
  </View>
</View>
`;

exports[`[SearchBar] should clear text 1`] = `
<View
  accessibilityState={
    {
      "busy": undefined,
      "checked": undefined,
      "disabled": undefined,
      "expanded": undefined,
      "selected": undefined,
    }
  }
  accessibilityValue={
    {
      "max": undefined,
      "min": undefined,
      "now": undefined,
      "text": undefined,
    }
  }
  accessible={true}
  collapsable={false}
  focusable={true}
  onClick={[Function]}
  onResponderGrant={[Function]}
  onResponderMove={[Function]}
  onResponderRelease={[Function]}
  onResponderTerminate={[Function]}
  onResponderTerminationRequest={[Function]}
  onStartShouldSetResponder={[Function]}
  style={
    {
      "borderRadius": 18.375,
      "flexDirection": "row",
      "height": 73.5,
      "opacity": 1,
    }
  }
>
  <View
    collapsable={false}
    style={
      {
        "alignItems": "center",
        "alignSelf": "center",
        "flexDirection": "column",
        "left": 5,
        "position": "absolute",
        "tintColor": "#000000",
      }
    }
  >
    <Image
      resizeMode="contain"
      source={
        {
          "uri": "IconSearch",
        }
      }
      style={
        [
          {
            "height": 31.428571428571427,
            "width": 31.428571428571427,
          },
          {
            "tintColor": "#000000",
          },
        ]
      }
    />
  </View>
  <View
    style={
      {
        "flex": 1,
      }
    }
  >
    <TextInput
      autoCapitalize="none"
      autoCorrect={false}
      onBlur={[Function]}
      onChangeText={[Function]}
      onFocus={[Function]}
      placeholder="Please type ..."
      placeholderTextColor="#606885"
      style={
        [
          {
            "color": "#000000",
            "fontFamily": "ProximaNova-Regular",
            "fontSize": 34.285714285714285,
            "height": "100%",
            "paddingLeft": 35,
            "paddingRight": 35,
            "paddingVertical": 0,
          },
          {
            "height": 73.5,
          },
          undefined,
        ]
      }
      underlineColorAndroid="transparent"
      value=""
    />
  </View>
</View>
`;

exports[`[SearchBar] should show clear button on text enter 1`] = `
<View
  accessibilityState={
    {
      "busy": undefined,
      "checked": undefined,
      "disabled": undefined,
      "expanded": undefined,
      "selected": undefined,
    }
  }
  accessibilityValue={
    {
      "max": undefined,
      "min": undefined,
      "now": undefined,
      "text": undefined,
    }
  }
  accessible={true}
  collapsable={false}
  focusable={true}
  onClick={[Function]}
  onResponderGrant={[Function]}
  onResponderMove={[Function]}
  onResponderRelease={[Function]}
  onResponderTerminate={[Function]}
  onResponderTerminationRequest={[Function]}
  onStartShouldSetResponder={[Function]}
  style={
    {
      "borderRadius": 18.375,
      "flexDirection": "row",
      "height": 73.5,
      "opacity": 1,
    }
  }
>
  <View
    collapsable={false}
    style={
      {
        "alignItems": "center",
        "alignSelf": "center",
        "flexDirection": "column",
        "left": 5,
        "position": "absolute",
        "tintColor": "#000000",
      }
    }
  >
    <Image
      resizeMode="contain"
      source={
        {
          "uri": "IconSearch",
        }
      }
      style={
        [
          {
            "height": 31.428571428571427,
            "width": 31.428571428571427,
          },
          {
            "tintColor": "#000000",
          },
        ]
      }
    />
  </View>
  <View
    style={
      {
        "flex": 1,
      }
    }
  >
    <TextInput
      autoCapitalize="none"
      autoCorrect={false}
      onBlur={[Function]}
      onChangeText={[Function]}
      onFocus={[Function]}
      placeholder="Please type ..."
      placeholderTextColor="#606885"
      style={
        [
          {
            "color": "#000000",
            "fontFamily": "ProximaNova-Regular",
            "fontSize": 34.285714285714285,
            "height": "100%",
            "paddingLeft": 35,
            "paddingRight": 35,
            "paddingVertical": 0,
          },
          {
            "height": 73.5,
          },
          undefined,
        ]
      }
      underlineColorAndroid="transparent"
      value="searched text"
    />
  </View>
  <View
    accessibilityState={
      {
        "busy": undefined,
        "checked": undefined,
        "disabled": undefined,
        "expanded": undefined,
        "selected": undefined,
      }
    }
    accessibilityValue={
      {
        "max": undefined,
        "min": undefined,
        "now": undefined,
        "text": undefined,
      }
    }
    accessible={true}
    collapsable={false}
    focusable={true}
    onClick={[Function]}
    onResponderGrant={[Function]}
    onResponderMove={[Function]}
    onResponderRelease={[Function]}
    onResponderTerminate={[Function]}
    onResponderTerminationRequest={[Function]}
    onStartShouldSetResponder={[Function]}
    style={
      {
        "flexDirection": "row",
        "height": "100%",
        "justifyContent": "center",
        "opacity": 1,
        "position": "absolute",
        "right": 0,
        "tintColor": "#000000",
        "width": 50,
      }
    }
  >
    <View
      collapsable={false}
      style={
        {
          "alignSelf": "center",
          "opacity": 0,
        }
      }
    >
      <Image
        resizeMode="contain"
        source={
          {
            "uri": "IconX",
          }
        }
        style={
          [
            {
              "height": 31.428571428571427,
              "width": 31.428571428571427,
            },
            {
              "tintColor": "#000000",
            },
          ]
        }
      />
    </View>
  </View>
</View>
`;
